// Vitest Snapshot v1

exports[`Vitest を動かしてみる > 正しくレンダリングされること 1`] = `
<div
  class="App"
>
  <div
    class="mx-10 my-10"
  >
    <div
      class="order-button"
    >
      <div
        class="menu"
      >
        <span
          class="menu-name"
        >
          コーヒー
        </span>
        <span
          class="menu-price"
        >
          480
           円
        </span>
      </div>
      <span
        class="badge"
      >
        0
      </span>
    </div>
  </div>
  <div
    class="mx-10 my-10"
  >
    <div
      class="order-button"
    >
      <div
        class="menu"
      >
        <span
          class="menu-name"
        >
          紅茶
        </span>
        <span
          class="menu-price"
        >
          280
           円
        </span>
      </div>
      <span
        class="badge"
      >
        0
      </span>
    </div>
  </div>
  <div
    class="mx-10 my-10"
  >
    <div
      class="order-button"
    >
      <div
        class="menu"
      >
        <span
          class="menu-name"
        >
          ミルク
        </span>
        <span
          class="menu-price"
        >
          180
           円
        </span>
      </div>
      <span
        class="badge"
      >
        0
      </span>
    </div>
  </div>
  <div
    class="mx-10 my-10"
  >
    <div
      class="order-button"
    >
      <div
        class="menu"
      >
        <span
          class="menu-name"
        >
          コーラ
        </span>
        <span
          class="menu-price"
        >
          190
           円
        </span>
      </div>
      <span
        class="badge"
      >
        0
      </span>
    </div>
  </div>
  <div
    class="mx-10 my-10"
  >
    <div
      class="order-button"
    >
      <div
        class="menu"
      >
        <span
          class="menu-name"
        >
          ビール
        </span>
        <span
          class="menu-price"
        >
          580
           円
        </span>
      </div>
      <span
        class="badge"
      >
        0
      </span>
    </div>
  </div>
</div>
`;
