// Vitest Snapshot v1

exports[`<App /> のスナップショットテスト > <App /> がレンダリングされて表示されること 1`] = `
<div
  class="App"
>
  <div
    class="_container_14s04_1"
  >
    <div>
      <div
        class="_menuButtonList_171v5_1"
      >
        <div
          class="_orderButton_zcfu4_1"
        >
          <div
            class="_menu_zcfu4_25"
          >
            <span
              class=""
            >
              コーヒー
            </span>
            <span
              class=""
            >
              480
               円
            </span>
          </div>
          <span
            class="_badge_zcfu4_21"
          >
            0
          </span>
        </div>
      </div>
      <div
        class="_menuButtonList_171v5_1"
      >
        <div
          class="_orderButton_zcfu4_1"
        >
          <div
            class="_menu_zcfu4_25"
          >
            <span
              class=""
            >
              紅茶
            </span>
            <span
              class=""
            >
              280
               円
            </span>
          </div>
          <span
            class="_badge_zcfu4_21"
          >
            0
          </span>
        </div>
      </div>
      <div
        class="_menuButtonList_171v5_1"
      >
        <div
          class="_orderButton_zcfu4_1"
        >
          <div
            class="_menu_zcfu4_25"
          >
            <span
              class=""
            >
              ミルク
            </span>
            <span
              class=""
            >
              180
               円
            </span>
          </div>
          <span
            class="_badge_zcfu4_21"
          >
            0
          </span>
        </div>
      </div>
      <div
        class="_menuButtonList_171v5_1"
      >
        <div
          class="_orderButton_zcfu4_1"
        >
          <div
            class="_menu_zcfu4_25"
          >
            <span
              class=""
            >
              コーラ
            </span>
            <span
              class=""
            >
              190
               円
            </span>
          </div>
          <span
            class="_badge_zcfu4_21"
          >
            0
          </span>
        </div>
      </div>
      <div
        class="_menuButtonList_171v5_1"
      >
        <div
          class="_orderButton_zcfu4_1"
        >
          <div
            class="_menu_zcfu4_25"
          >
            <span
              class=""
            >
              ビール
            </span>
            <span
              class=""
            >
              580
               円
            </span>
          </div>
          <span
            class="_badge_zcfu4_21"
          >
            0
          </span>
        </div>
      </div>
    </div>
    <div>
      <div
        class="_container_1e9e8_1"
      >
        <span
          class="_title_1e9e8_10"
        >
           お会計
        </span>
        <span
          class="_amount_1e9e8_17"
        >
          商品数：
          0
           個
        </span>
        <span
          class="_amount_1e9e8_17"
        >
          合計金額：
          0
           円
        </span>
      </div>
    </div>
  </div>
</div>
`;

exports[`Vitest を動かしてみる > 正しくレンダリングされること 1`] = `
<div
  class="App"
>
  <div
    class="mx-10 my-10"
  >
    <div
      class="order-button"
    >
      <div
        class="menu"
      >
        <span
          class="menu-name"
        >
          コーヒー
        </span>
        <span
          class="menu-price"
        >
          480
           円
        </span>
      </div>
      <span
        class="badge"
      >
        0
      </span>
    </div>
  </div>
  <div
    class="mx-10 my-10"
  >
    <div
      class="order-button"
    >
      <div
        class="menu"
      >
        <span
          class="menu-name"
        >
          紅茶
        </span>
        <span
          class="menu-price"
        >
          280
           円
        </span>
      </div>
      <span
        class="badge"
      >
        0
      </span>
    </div>
  </div>
  <div
    class="mx-10 my-10"
  >
    <div
      class="order-button"
    >
      <div
        class="menu"
      >
        <span
          class="menu-name"
        >
          ミルク
        </span>
        <span
          class="menu-price"
        >
          180
           円
        </span>
      </div>
      <span
        class="badge"
      >
        0
      </span>
    </div>
  </div>
  <div
    class="mx-10 my-10"
  >
    <div
      class="order-button"
    >
      <div
        class="menu"
      >
        <span
          class="menu-name"
        >
          コーラ
        </span>
        <span
          class="menu-price"
        >
          190
           円
        </span>
      </div>
      <span
        class="badge"
      >
        0
      </span>
    </div>
  </div>
  <div
    class="mx-10 my-10"
  >
    <div
      class="order-button"
    >
      <div
        class="menu"
      >
        <span
          class="menu-name"
        >
          ビール
        </span>
        <span
          class="menu-price"
        >
          580
           円
        </span>
      </div>
      <span
        class="badge"
      >
        0
      </span>
    </div>
  </div>
</div>
`;
